// Jest Snapshot v1, https://jestjs.io/docs/snapshot-testing

exports[`humanizeOrgError snapshot of the full mapping table 1`] = `
{
  "DOMAIN_NOT_OWNED": "Your organization hasn't claimed this email domain yet. Add it under Settings → SSO → Domains and verify before registering a provider.",
  "DOMAIN_NOT_VERIFIED": "The domain claim is pending DNS verification. Finish the TXT-record step under Settings → SSO → Domains.",
  "EXPERT_REQUIRES_CANHOST": "Expert can only be assigned on host-capable organizations. Enable hosting under Settings → Capabilities first.",
  "HOST_ORGS_GATED": "Host-capable organizations are not yet enabled on this tenant. Contact ops at support@familiarise.work to flip ENABLE_HOST_ORGS for your account.",
  "LEARNER_REQUIRES_CANSPONSOR": "Learner can only be assigned on sponsor-capable organizations. Enable sponsorship under Settings → Capabilities first.",
  "NOT_A_CONSULTANT": "This user is not a consultant on Familiarise yet. They need to sign up as an Expert first before they can be added to an organization as one.",
  "NOT_A_CONSULTEE": "This user does not have a learner profile on Familiarise yet. They need to sign up or complete onboarding before they can be added to an organization as a Learner.",
  "ORG_NOT_VERIFIED": "Your organization is awaiting platform review. This action will be available once a Familiarise admin verifies your account — this usually takes 1–2 business days.",
  "PO_BALANCE_EXCEEDED": "This purchase order doesn't have enough remaining budget for the invoice. Reduce the invoice total or add a new PO.",
  "PO_BALANCE_INSUFFICIENT": "This purchase order doesn't have enough remaining budget for the invoice. Reduce the invoice total or add a new PO.",
  "ROLE_TRANSITION_BLOCKED": "Members cannot switch between Learner and Expert roles. Remove the member and re-invite them with the new role instead.",
  "SSO_PROVIDER_MISCONFIGURED": "Your SSO provider's certificate is invalid. Contact your IT admin to re-paste the X.509 PEM.",
  "USER_NOT_FOUND": "No user account found with that email. They need to sign up at Familiarise first, or use the Invitations page to send them an invite.",
}
`;
